Information: Propagating switching activity (low effort zero delay simulation). (PWR-6)
Warning: Design has unannotated primary inputs. (PWR-414)
Warning: Design has unannotated sequential cell outputs. (PWR-415)
 
****************************************
Report : power
        -analysis_effort low
Design : top
Version: Q-2019.12-SP5-2
Date   : Sun Jun 27 14:34:27 2021
****************************************


Library(s) Used:

    slow (File: /data2/class/wsj/wsj27/project/umc18/aci/sc-x/synopsys/slow.db)


Operating Conditions: slow   Library: slow
Wire Load Model Mode: top


Global Operating Voltage = 1.62 
Power-specific unit information :
    Voltage Units = 1V
    Capacitance Units = 1.000000pf
    Time Units = 1ns
    Dynamic Power Units = 1mW    (derived from V,C,T units)
    Leakage Power Units = 1pW


  Cell Internal Power  = 809.3276 uW   (93%)
  Net Switching Power  =  61.6621 uW    (7%)
                         ---------
Total Dynamic Power    = 870.9897 uW  (100%)

Cell Leakage Power     =   7.8698 uW


                 Internal         Switching           Leakage            Total
Power Group      Power            Power               Power              Power   (   %    )  Attrs
--------------------------------------------------------------------------------------------------
io_pad             0.0000            0.0000            0.0000            0.0000  (   0.00%)
memory             0.0000            0.0000            0.0000            0.0000  (   0.00%)
black_box          0.0000            0.0000            0.0000            0.0000  (   0.00%)
clock_network      0.0000            0.0000            0.0000            0.0000  (   0.00%)
register           0.6177        1.1731e-02        1.4819e+06            0.6309  (  71.79%)
sequential     2.8832e-03        1.2700e-04        4.0689e+04        3.0509e-03  (   0.35%)
combinational      0.1887        4.9804e-02        6.3472e+06            0.2449  (  27.86%)
--------------------------------------------------------------------------------------------------
Total              0.8093 mW     6.1662e-02 mW     7.8698e+06 pW         0.8789 mW
1
