 
****************************************
Report : power
        -analysis_effort low
Design : top
Version: Q-2019.12-SP5-2
Date   : Sun Jun 27 20:33:11 2021
****************************************


Library(s) Used:

    slow (File: /data2/class/wsj/wsj27/project/umc18/aci/sc-x/synopsys/slow.db)


Operating Conditions: slow   Library: slow
Wire Load Model Mode: top


Global Operating Voltage = 1.62 
Power-specific unit information :
    Voltage Units = 1V
    Capacitance Units = 1.000000pf
    Time Units = 1ns
    Dynamic Power Units = 1mW    (derived from V,C,T units)
    Leakage Power Units = 1pW


  Cell Internal Power  =   1.0479 mW   (85%)
  Net Switching Power  = 188.5676 uW   (15%)
                         ---------
Total Dynamic Power    =   1.2364 mW  (100%)

Cell Leakage Power     =   5.7094 uW


                 Internal         Switching           Leakage            Total
Power Group      Power            Power               Power              Power   (   %    )  Attrs
--------------------------------------------------------------------------------------------------
io_pad             0.0000            0.0000            0.0000            0.0000  (   0.00%)
memory             0.0000            0.0000            0.0000            0.0000  (   0.00%)
black_box          0.0000            0.0000            0.0000            0.0000  (   0.00%)
clock_network      0.0000        2.8843e-02            0.0000        2.8843e-02  (   2.32%)
register           0.6786        1.4460e-02        8.5970e+05            0.6939  (  55.86%)
sequential         0.0000            0.0000            0.0000            0.0000  (   0.00%)
combinational      0.3693            0.1453        4.8497e+06            0.5194  (  41.81%)
--------------------------------------------------------------------------------------------------
Total              1.0479 mW         0.1886 mW     5.7094e+06 pW         1.2421 mW
1
